// Jest Snapshot v1, https://goo.gl/fbAQLP

exports[`renders correctly 1`] = `
<View
  style={
    Array [
      Object {
        "width": "NaN%",
      },
      Object {
        "backgroundColor": "#E53935",
        "height": 2,
      },
    ]
  }
/>
`;
