// Jest Snapshot v1, https://goo.gl/fbAQLP

exports[`renders correctly 1`] = `
<View
  accessible={true}
  isTVSelectable={true}
  onResponderGrant={[Function]}
  onResponderMove={[Function]}
  onResponderRelease={[Function]}
  onResponderTerminate={[Function]}
  onResponderTerminationRequest={[Function]}
  onStartShouldSetResponder={[Function]}
  style={
    Object {
      "alignItems": "center",
      "flex": 1,
      "justifyContent": "center",
      "opacity": 1,
      "paddingHorizontal": 10,
    }
  }
>
  <Image
    source={1}
    style={
      Object {
        "height": 128,
        "width": 128,
      }
    }
  />
  <Text
    ellipsizeMode="tail"
    numberOfLines={1}
    style={
      Object {
        "fontSize": 26,
        "fontWeight": "bold",
        "marginTop": 10,
      }
    }
  >
    
  </Text>
  <Text
    ellipsizeMode="tail"
    numberOfLines={1}
    style={
      Object {
        "fontSize": 18,
      }
    }
  />
</View>
`;
