// Jest Snapshot v1, https://goo.gl/fbAQLP

exports[`MiniPlayer component renders correctly when there is a track 1`] = `<Component />`;

exports[`MiniPlayer component renders empty component when no track 1`] = `<Component />`;
